---
source: crates/tui/tests/storybook/app_ctx.rs
expression: frame.text()
---
                                                                      14:37:03
 Finish the current task.





  › Then run the tests.
─ quota exceeded · paused ──────────────────────────────────────────────────────

────────────────────────────────────────────────────────────────────────────────
 ○ normal                                                               1:1 100%
