---
source: crates/tui/tests/storybook/app_ctx.rs
expression: frame.text()
---

  ┌ files ──────────────────────────┬─ changes ─────────────────────────────┐
  │ unstaged (0)                    │                                       │
  │                                 │ clean                                 │
  │ staged (0)                      │ r refresh                             │
  │                                 │                                       │
  │                                 │                                       │
  │                                 │                                       │
  │                                 │                                       │
  │                                 │                                       │
  │                                 │                                       │
  │                                 │                                       │
  │                                 │                                       │
  │                                 │                                       │
  │                                 │                                       │
  │                                 │                                       │…
──│                                 │                                       │───
  └─────────────────────────────────┴───────────────────────────────────────┘
────────────────────────────────────────────────────────────────────────────────
 NORMAL  ○ normal                                                         1:1 0%
