---
source: crates/tui/tests/storybook/app_ctx.rs
expression: frame.text()
---

  ┌ files ────────────────┬─ changes ────────────────────┐
  │ unstaged (1) +1 -1    │       M  界 .lua  unstaged +  │
  │ M 界 .lua +1 -1        │       @@ -1 +1 @@            │
  │                       │ 1     - old                  │
  │ staged (0)            │    1  + new                  │
  │                       │                              │
  │                       │                              │
  │                       │                              │
  │                       │                              │
  │                       │                              │
  │                       │                              │
  │                       │                              │
  │                       │                              │
──│                       │                              │──
  └───────────────────────┴──────────────────────────────┘
────────────────────────────────────────────────────────────
 NORMAL  ○ normal                                     1:1 0%
