---
source: crates/tui/tests/storybook/app_ctx.rs
expression: frame.text()
---



   ┌ files ──────────────────────────────────────┬─ changes ─────────────────────────────────────────────┐
   │ unstaged (2) +2 -1                          │       M  parser.rs  unstaged +1 -1                    │
   │ M parser.rs +1 -1                           │       @@ -1 +1 @@                                     │
   │ ? test.rs +1                                │ 1     - let strict = true;                            │
   │                                             │    1  + let strict = configured();                    │
   │ staged (1) +1 -1                            │                                                       │
   │ M parser.rs +1 -1                           │───────────────────────────────────────────────────────│
   │                                             │       ?  test.rs  unstaged +1                         │
   │                                             │       new file mode 100644                            │
   │                                             │       @@ -0,0 +1 @@                                   │
   │                                             │    1  + assert!(strict);                              │
   │                                             │                                                       │
   │                                             │───────────────────────────────────────────────────────│
   │                                             │       M  parser.rs  staged +1 -1                      │
   │                                             │       @@ -1 +1 @@                                     │
   │                                             │ 1     - let strict = false;                           │
   │                                             │    1  + let strict = true;                            │
   │                                             │                                                       │
   │                                             │                                                       │
   │                                             │                                                       │
   │                                             │                                                       │
   │                                             │                                                       │
   │                                             │                                                       │
   │                                             │                                                       │
   │                                             │                                                       │
   │                                             │                                                       │
  t│                                             │                                                       │
───└─────────────────────────────────────────────┴───────────────────────────────────────────────────────┘────

──────────────────────────────────────────────────────────────────────────────────────────────────────────────
 ○ normal                                                                                              2:1 20%
