---
source: crates/tui/tests/storybook/app_ctx.rs
expression: frame.text()
---
                              14:37:03
 /permissions



 /permissions  manage session permission
────────────────────────────────────────
 /permissions
────────────────────────────────────────
 ○ normal                       1:1 100%
