---
source: crates/tui/tests/storybook/app_ctx.rs
expression: frame.text()
---


   ┌ files ──────────────────────────┬─ changes - refreshing ───────────────────────────────────┐
   │ unstaged (1) +1 -1              │       M  parser.rs  unstaged +1 -1                       │
   │ M parser.rs +1 -1               │       @@ -1 +1 @@                                        │
   │                                 │ 1     - let strict = false;                              │
   │ staged (0)                      │    1  + let strict = true;                               │
   │                                 │                                                          │
   │                                 │                                                          │
   │                                 │                                                          │
   │                                 │                                                          │
   │                                 │                                                          │
   │                                 │                                                          │
   │                                 │                                                          │
   │                                 │                                                          │
   │                                 │                                                          │
   │                                 │                                                          │
   │                                 │                                                          │
   │                                 │                                                          │
  t│                                 │                                                          │
───│                                 │                                                          │───
   └─────────────────────────────────┴──────────────────────────────────────────────────────────┘
────────────────────────────────────────────────────────────────────────────────────────────────────
 ○ normal                                                                                    2:1 33%
