---
source: crates/tui/tests/storybook/app_ctx.rs
expression: frame.text()
---
* bash cat /var/log/smelt/projects/alpha/beta/gamma/delta/e  14:37:03
       psilon/very-long-permission-target.log



──────────────────────────────────────────────────────────────────────
 bash: cat

 /var/log/smelt/projects/alpha/beta/gamma/delta/epsilon/very-lo
       ng-permission-target.log

 Allow?
  4. allow cat
     /var/log/smelt/projects/alpha/beta/gamma/delta/epsilon/very-long
     -permission-target.log,
     /var/log/smelt/projects/alpha/beta/gamma/delta/epsilon in
     workspace ~/cwd



  press tab to add a reason…
 ○ normal                                                     4:1 100%
